Removed Pin From Net: NetName=EPWM-3B Pin=P1-3
Removed Pin From Net: NetName=EPWM-3A Pin=P1-5
Removed Pin From Net: NetName=EPWM-1A Pin=P1-7
Removed Pin From Net: NetName=EPWM-1B Pin=P1-9
Removed Pin From Net: NetName=EPWM-7B Pin=P1-11
Removed Pin From Net: NetName=EPWM-7A Pin=P1-13
Removed Pin From Net: NetName=ADCINA15/C7 Pin=P1-15
Removed Pin From Net: NetName=Vin_FB Pin=P1-17
Removed Pin From Net: NetName=Iin_FB Pin=P1-19
Removed Pin From Net: NetName=ADCINA15/C7 Pin=P1-21
Removed Pin From Net: NetName=ADCINA6 Pin=P1-23
Removed Pin From Net: NetName=Vin Pin=P1-25
Removed Pin From Net: NetName=+3V3 Pin=P1-27
Added Pin To Net: NetName=Vin Pin=P1-3
Added Pin To Net: NetName=+3V3 Pin=P1-5
Added Pin To Net: NetName=EPWM-3B Pin=P1-7
Added Pin To Net: NetName=EPWM-3A Pin=P1-9
Added Pin To Net: NetName=EPWM-1A Pin=P1-11
Added Pin To Net: NetName=EPWM-1B Pin=P1-13
Added Pin To Net: NetName=EPWM-7B Pin=P1-15
Added Pin To Net: NetName=EPWM-7A Pin=P1-17
Added Pin To Net: NetName=ADCINA15/C7 Pin=P1-19
Added Pin To Net: NetName=Vin_FB Pin=P1-21
Added Pin To Net: NetName=Iin_FB Pin=P1-23
Added Pin To Net: NetName=ADCINA15/C7 Pin=P1-25
Added Pin To Net: NetName=ADCINA6 Pin=P1-27
