Removed Pin From Net: NetName=EPWM-1B Pin=TP60-1
Removed Pin From Net: NetName=EPWM-3A Pin=TP63-1
Removed Pin From Net: NetName=EPWM-3B Pin=TP64-1
Removed Pin From Net: NetName=SCIA_RX Pin=TP83-1
Removed Pin From Net: NetName=SCIA_TX Pin=TP84-1
Removed Pin From Net: NetName=CANA_RX Pin=TP85-1
Removed Pin From Net: NetName=CANA_TX Pin=TP86-1
Removed Pin From Net: NetName=GPIO32 Pin=TP87-1
Removed Pin From Net: NetName=GPIO39 Pin=TP90-1
Removed Pin From Net: NetName=GPIO40 Pin=TP91-1
Removed Pin From Net: NetName=GPIO42 Pin=TP94-1
Removed Pin From Net: NetName=GPIO41 Pin=TP95-1
Removed Member From Class: ClassName=F280025C_min_sys Member=TP60
Removed Member From Class: ClassName=F280025C_min_sys Member=TP61
Removed Member From Class: ClassName=F280025C_min_sys Member=TP62
Removed Member From Class: ClassName=F280025C_min_sys Member=TP63
Removed Member From Class: ClassName=F280025C_min_sys Member=TP64
Removed Member From Class: ClassName=F280025C_min_sys Member=TP80
Removed Member From Class: ClassName=F280025C_min_sys Member=TP81
Removed Member From Class: ClassName=F280025C_min_sys Member=TP82
Removed Member From Class: ClassName=F280025C_min_sys Member=TP83
Removed Member From Class: ClassName=F280025C_min_sys Member=TP84
Removed Member From Class: ClassName=F280025C_min_sys Member=TP85
Removed Member From Class: ClassName=F280025C_min_sys Member=TP86
Removed Member From Class: ClassName=F280025C_min_sys Member=TP87
Removed Member From Class: ClassName=F280025C_min_sys Member=TP88
Removed Member From Class: ClassName=F280025C_min_sys Member=TP89
Removed Member From Class: ClassName=F280025C_min_sys Member=TP90
Removed Member From Class: ClassName=F280025C_min_sys Member=TP91
Removed Member From Class: ClassName=F280025C_min_sys Member=TP94
Removed Member From Class: ClassName=F280025C_min_sys Member=TP95
