Removed Pin From Net: NetName=GPIO15 Pin=LED0-1
Removed Pin From Net: NetName=GPIO22 Pin=LED1-1
Removed Pin From Net: NetName=GPIO23 Pin=LED2-1
Removed Pin From Net: NetName=GPIO24 Pin=LED3-1
Removed Pin From Net: NetName=GPIO25 Pin=LED4-1
Removed Pin From Net: NetName=GPIO33 Pin=LED5-1
Removed Pin From Net: NetName=GPIO41 Pin=LED6-1
Removed Pin From Net: NetName=GPIO42 Pin=LED7-1
Removed Pin From Net: NetName=EPWM-1A Pin=P1-3
Removed Pin From Net: NetName=EPWM-1B Pin=P1-5
Removed Pin From Net: NetName=EPWM-2A Pin=P1-7
Removed Pin From Net: NetName=EPWM-2B Pin=P1-9
Removed Pin From Net: NetName=EPWM-3A Pin=P1-11
Removed Pin From Net: NetName=EPWM-3B Pin=P1-13
Removed Pin From Net: NetName=GPIO32 Pin=P1-29
Removed Pin From Net: NetName=GPIO43 Pin=P1-30
Removed Pin From Net: NetName=GPIO39 Pin=P1-31
Removed Pin From Net: NetName=GPIO40 Pin=P1-32
Removed Pin From Net: NetName=SPIA_SIMO Pin=P1-33
Removed Pin From Net: NetName=SPIA_SOMI Pin=P1-34
Removed Pin From Net: NetName=SPIA_CLK Pin=P1-35
Removed Pin From Net: NetName=SPIA_STE Pin=P1-36
Removed Pin From Net: NetName=Vo_FB Pin=R12-2
Removed Pin From Net: NetName=IL_FB Pin=R13-2
Removed Pin From Net: NetName=Vin_FB Pin=R17-2
Removed Pin From Net: NetName=IL_FB Pin=R23-2
Removed Pin From Net: NetName=Iin_FB Pin=R25-2
Removed Pin From Net: NetName=I2CA_SCL Pin=R67-2
Removed Pin From Net: NetName=I2CA_SDA Pin=R68-2
Removed Pin From Net: NetName=GPIO32 Pin=R85-2
Removed Pin From Net: NetName=GPIO43 Pin=R86-1
Removed Pin From Net: NetName=GPIO32 Pin=TP118-1
Removed Pin From Net: NetName=GPIO39 Pin=TP119-1
Removed Pin From Net: NetName=GPIO40 Pin=TP121-1
Removed Pin From Net: NetName=GPIO15 Pin=TP144-1
Removed Pin From Net: NetName=GPIO22 Pin=TP145-1
Removed Pin From Net: NetName=GPIO23 Pin=TP146-1
Removed Pin From Net: NetName=GPIO24 Pin=TP147-1
Removed Pin From Net: NetName=GPIO25 Pin=TP148-1
Removed Pin From Net: NetName=GPIO33 Pin=TP149-1
Removed Pin From Net: NetName=GPIO41 Pin=TP150-1
Removed Pin From Net: NetName=GPIO42 Pin=TP151-1
Removed Pin From Net: NetName=CANA_RX Pin=U1-1
Removed Pin From Net: NetName=CANA_TX Pin=U1-2
Removed Pin From Net: NetName=SCIA_TX Pin=U1-3
Removed Pin From Net: NetName=SCIA_RX Pin=U1-4
Removed Pin From Net: NetName=SPIA_CLK Pin=U1-36
Removed Pin From Net: NetName=SPIA_STE Pin=U1-37
Removed Pin From Net: NetName=SPIA_SIMO Pin=U1-39
Removed Pin From Net: NetName=SPIA_SOMI Pin=U1-40
Removed Pin From Net: NetName=GPIO24 Pin=U1-41
Removed Pin From Net: NetName=GPIO25 Pin=U1-42
Removed Pin From Net: NetName=I2CA_SDA Pin=U1-43
Removed Pin From Net: NetName=I2CA_SCL Pin=U1-44
Removed Pin From Net: NetName=EPWM-5A Pin=U1-58
Removed Pin From Net: NetName=EPWM-3A Pin=U1-59
Removed Pin From Net: NetName=EPWM-2B Pin=U1-60
Removed Pin From Net: NetName=EPWM-2A Pin=U1-61
Removed Pin From Net: NetName=EPWM-1B Pin=U1-62
Removed Pin From Net: NetName=EPWM-1A Pin=U1-63
Removed Pin From Net: NetName=GPIO22 Pin=U1-67
Removed Pin From Net: NetName=EPWM-4B Pin=U1-68
Removed Pin From Net: NetName=EPWM-3B Pin=U1-74
Removed Pin From Net: NetName=EPWM-5B Pin=U1-75
Removed Pin From Net: NetName=GPIO15 Pin=U1-78
Removed Pin From Net: NetName=ENABLE Pin=U1-79
Removed Pin From Net: NetName=EPWM-4A Pin=U1-80
Removed Pin From Net: NetName=I2CA_SDA Pin=U3-5
Removed Pin From Net: NetName=I2CA_SCL Pin=U3-6
Added Pin To Net: NetName=GPIO40 Pin=LED2-1
Added Pin To Net: NetName=GPIO23 Pin=LED3-1
Added Pin To Net: NetName=GPIO41 Pin=LED4-1
Added Pin To Net: NetName=GPIO22 Pin=LED5-1
Added Pin To Net: NetName=EPWM-3A Pin=P1-3
Added Pin To Net: NetName=EPWM-3B Pin=P1-5
Added Pin To Net: NetName=EPWM-1A Pin=P1-7
Added Pin To Net: NetName=EPWM-1B Pin=P1-9
Added Pin To Net: NetName=Iin_FB Pin=R14-2
Added Pin To Net: NetName=Vin_FB Pin=R15-2
Added Pin To Net: NetName=Vo_FB Pin=R18-2
Added Pin To Net: NetName=IL_FB Pin=R26-2
Added Pin To Net: NetName=IL_FB Pin=R27-2
Added Pin To Net: NetName=GPIO45 Pin=R86-1
Added Pin To Net: NetName=GPIO40 Pin=TP146-1
Added Pin To Net: NetName=GPIO23 Pin=TP147-1
Added Pin To Net: NetName=GPIO41 Pin=TP148-1
Added Pin To Net: NetName=GPIO22 Pin=TP149-1
Added Pin To Net: NetName=GPIO44 Pin=TP151-1
Added Pin To Net: NetName=EPWM-1A Pin=U1-1
Added Pin To Net: NetName=EPWM-1B Pin=U1-2
Added Pin To Net: NetName=ENABLE Pin=U1-6
Added Pin To Net: NetName=SCIA_TX Pin=U1-39
Added Pin To Net: NetName=SCIA_RX Pin=U1-40
Added Pin To Net: NetName=CANA_RX Pin=U1-60
Added Pin To Net: NetName=CANA_TX Pin=U1-61
Added Pin To Net: NetName=EPWM-3B Pin=U1-78
Added Pin To Net: NetName=EPWM-3A Pin=U1-79
Change Net Name : Old Net Name=IL_FB New Net Name=ADCINA15/C7
Change Net Name : Old Net Name=Vo_FB New Net Name=ADCINA6
Added Pin To Net: NetName=EPWM-7A Pin=P1-11
Added Pin To Net: NetName=EPWM-7A Pin=U1-4
Added Net: Name=EPWM-7A
Added Pin To Net: NetName=EPWM-7B Pin=P1-13
Added Pin To Net: NetName=EPWM-7B Pin=U1-3
Added Net: Name=EPWM-7B
Added Pin To Net: NetName=GPIO0 Pin=LED1-1
Added Pin To Net: NetName=GPIO0 Pin=TP145-1
Added Pin To Net: NetName=GPIO0 Pin=U1-63
Added Net: Name=GPIO0
Added Pin To Net: NetName=GPIO1 Pin=LED0-1
Added Pin To Net: NetName=GPIO1 Pin=TP144-1
Added Pin To Net: NetName=GPIO1 Pin=U1-62
Added Net: Name=GPIO1
Added Pin To Net: NetName=GPIO5 Pin=R85-2
Added Pin To Net: NetName=GPIO5 Pin=U1-74
Added Net: Name=GPIO5
Added Pin To Net: NetName=GPIO6 Pin=P1-29
Added Pin To Net: NetName=GPIO6 Pin=TP118-1
Added Pin To Net: NetName=GPIO6 Pin=U1-80
Added Net: Name=GPIO6
Added Pin To Net: NetName=GPIO7 Pin=LED6-1
Added Pin To Net: NetName=GPIO7 Pin=TP150-1
Added Net: Name=GPIO7
Added Pin To Net: NetName=GPIO10 Pin=P1-31
Added Pin To Net: NetName=GPIO10 Pin=TP119-1
Added Pin To Net: NetName=GPIO10 Pin=U1-76
Added Net: Name=GPIO10
Added Pin To Net: NetName=GPIO12 Pin=P1-32
Added Pin To Net: NetName=GPIO12 Pin=TP121-1
Added Pin To Net: NetName=GPIO12 Pin=U1-36
Added Net: Name=GPIO12
Added Pin To Net: NetName=GPIO13 Pin=P1-30
Added Pin To Net: NetName=GPIO13 Pin=TP120-1
Added Pin To Net: NetName=GPIO13 Pin=U1-35
Added Net: Name=GPIO13
Added Pin To Net: NetName=I2CB_SCL Pin=R67-2
Added Pin To Net: NetName=I2CB_SCL Pin=U1-75
Added Pin To Net: NetName=I2CB_SCL Pin=U3-6
Added Net: Name=I2CB_SCL
Added Pin To Net: NetName=I2CB_SDA Pin=R68-2
Added Pin To Net: NetName=I2CB_SDA Pin=U1-77
Added Pin To Net: NetName=I2CB_SDA Pin=U3-5
Added Net: Name=I2CB_SDA
Added Pin To Net: NetName=NetR12_2 Pin=R12-2
Added Pin To Net: NetName=NetR12_2 Pin=TP38-1
Added Net: Name=NetR12_2
Added Pin To Net: NetName=NetR13_2 Pin=R13-2
Added Pin To Net: NetName=NetR13_2 Pin=TP37-1
Added Net: Name=NetR13_2
Added Pin To Net: NetName=NetR17_2 Pin=R17-2
Added Pin To Net: NetName=NetR17_2 Pin=TP51-1
Added Net: Name=NetR17_2
Added Pin To Net: NetName=NetR23_2 Pin=R23-2
Added Pin To Net: NetName=NetR23_2 Pin=TP50-1
Added Net: Name=NetR23_2
Added Pin To Net: NetName=NetR25_2 Pin=R25-2
Added Pin To Net: NetName=NetR25_2 Pin=TP49-1
Added Net: Name=NetR25_2
Added Pin To Net: NetName=SPIB_CLK Pin=P1-35
Added Pin To Net: NetName=SPIB_CLK Pin=U1-43
Added Net: Name=SPIB_CLK
Added Pin To Net: NetName=SPIB_SIMO Pin=P1-33
Added Pin To Net: NetName=SPIB_SIMO Pin=U1-41
Added Net: Name=SPIB_SIMO
Added Pin To Net: NetName=SPIB_SOMI Pin=P1-34
Added Pin To Net: NetName=SPIB_SOMI Pin=U1-42
Added Net: Name=SPIB_SOMI
Added Pin To Net: NetName=SPIB_STE Pin=P1-36
Added Pin To Net: NetName=SPIB_STE Pin=U1-44
Added Net: Name=SPIB_STE
